build-and-deploy	Set up job	ï»¿2026-02-06T01:59:32.4510975Z Current runner version: '2.331.0'
build-and-deploy	Set up job	2026-02-06T01:59:32.4548524Z ##[group]Runner Image Provisioner
build-and-deploy	Set up job	2026-02-06T01:59:32.4549871Z Hosted Compute Agent
build-and-deploy	Set up job	2026-02-06T01:59:32.4550763Z Version: 20260123.484
build-and-deploy	Set up job	2026-02-06T01:59:32.4551892Z Commit: 6bd6555ca37d84114959e1c76d2c01448ff61c5d
build-and-deploy	Set up job	2026-02-06T01:59:32.4553109Z Build Date: 2026-01-23T19:41:17Z
build-and-deploy	Set up job	2026-02-06T01:59:32.4554337Z Worker ID: {0d13189a-3470-430d-876f-900978dd432a}
build-and-deploy	Set up job	2026-02-06T01:59:32.4555644Z Azure Region: northcentralus
build-and-deploy	Set up job	2026-02-06T01:59:32.4556620Z ##[endgroup]
build-and-deploy	Set up job	2026-02-06T01:59:32.4559199Z ##[group]Operating System
build-and-deploy	Set up job	2026-02-06T01:59:32.4560521Z Ubuntu
build-and-deploy	Set up job	2026-02-06T01:59:32.4561305Z 24.04.3
build-and-deploy	Set up job	2026-02-06T01:59:32.4562095Z LTS
build-and-deploy	Set up job	2026-02-06T01:59:32.4563025Z ##[endgroup]
build-and-deploy	Set up job	2026-02-06T01:59:32.4563924Z ##[group]Runner Image
build-and-deploy	Set up job	2026-02-06T01:59:32.4565021Z Image: ubuntu-24.04
build-and-deploy	Set up job	2026-02-06T01:59:32.4565983Z Version: 20260126.10.1
build-and-deploy	Set up job	2026-02-06T01:59:32.4567699Z Included Software: https://github.com/actions/runner-images/blob/ubuntu24/20260126.10/images/ubuntu/Ubuntu2404-Readme.md
build-and-deploy	Set up job	2026-02-06T01:59:32.4570868Z Image Release: https://github.com/actions/runner-images/releases/tag/ubuntu24%2F20260126.10
build-and-deploy	Set up job	2026-02-06T01:59:32.4572562Z ##[endgroup]
build-and-deploy	Set up job	2026-02-06T01:59:32.4574581Z ##[group]GITHUB_TOKEN Permissions
build-and-deploy	Set up job	2026-02-06T01:59:32.4577433Z Contents: read
build-and-deploy	Set up job	2026-02-06T01:59:32.4578430Z Metadata: read
build-and-deploy	Set up job	2026-02-06T01:59:32.4579205Z Packages: read
build-and-deploy	Set up job	2026-02-06T01:59:32.4580286Z ##[endgroup]
build-and-deploy	Set up job	2026-02-06T01:59:32.4583437Z Secret source: Actions
build-and-deploy	Set up job	2026-02-06T01:59:32.4585167Z Prepare workflow directory
build-and-deploy	Set up job	2026-02-06T01:59:32.5072636Z Prepare all required actions
build-and-deploy	Set up job	2026-02-06T01:59:32.5131775Z Getting action download info
build-and-deploy	Set up job	2026-02-06T01:59:32.7450326Z Download action repository 'actions/checkout@v3' (SHA:f43a0e5ff2bd294095638e18286ca9a3d1956744)
build-and-deploy	Set up job	2026-02-06T01:59:32.8430891Z Download action repository 'JamesIves/github-pages-deploy-action@v4' (SHA:d92aa235d04922e8f08b40ce78cc5442fcfbfa2f)
build-and-deploy	Set up job	2026-02-06T01:59:34.1892552Z Complete job name: build-and-deploy
build-and-deploy	Checkout	ï»¿2026-02-06T01:59:34.2653504Z ##[group]Run actions/checkout@v3
build-and-deploy	Checkout	2026-02-06T01:59:34.2654781Z with:
build-and-deploy	Checkout	2026-02-06T01:59:34.2655537Z   repository: OmarDST/tic-tac-toe-logic-check
build-and-deploy	Checkout	2026-02-06T01:59:34.2656800Z   token: ***
build-and-deploy	Checkout	2026-02-06T01:59:34.2657445Z   ssh-strict: true
build-and-deploy	Checkout	2026-02-06T01:59:34.2658157Z   persist-credentials: true
build-and-deploy	Checkout	2026-02-06T01:59:34.2658953Z   clean: true
build-and-deploy	Checkout	2026-02-06T01:59:34.2659868Z   sparse-checkout-cone-mode: true
build-and-deploy	Checkout	2026-02-06T01:59:34.2660739Z   fetch-depth: 1
build-and-deploy	Checkout	2026-02-06T01:59:34.2661416Z   fetch-tags: false
build-and-deploy	Checkout	2026-02-06T01:59:34.2662076Z   lfs: false
build-and-deploy	Checkout	2026-02-06T01:59:34.2662693Z   submodules: false
build-and-deploy	Checkout	2026-02-06T01:59:34.2663402Z   set-safe-directory: true
build-and-deploy	Checkout	2026-02-06T01:59:34.2664430Z ##[endgroup]
build-and-deploy	Checkout	2026-02-06T01:59:34.3527703Z Syncing repository: OmarDST/tic-tac-toe-logic-check
build-and-deploy	Checkout	2026-02-06T01:59:34.3530485Z ##[group]Getting Git version info
build-and-deploy	Checkout	2026-02-06T01:59:34.3532091Z Working directory is '/home/runner/work/tic-tac-toe-logic-check/tic-tac-toe-logic-check'
build-and-deploy	Checkout	2026-02-06T01:59:34.3534126Z [command]/usr/bin/git version
build-and-deploy	Checkout	2026-02-06T01:59:34.3618247Z git version 2.52.0
build-and-deploy	Checkout	2026-02-06T01:59:34.3645338Z ##[endgroup]
build-and-deploy	Checkout	2026-02-06T01:59:34.3660217Z Temporarily overriding HOME='/home/runner/work/_temp/487f40a1-3b7a-4ed3-993b-8597fed48b18' before making global git config changes
build-and-deploy	Checkout	2026-02-06T01:59:34.3663284Z Adding repository directory to the temporary git global config as a safe directory
build-and-deploy	Checkout	2026-02-06T01:59:34.3665720Z [command]/usr/bin/git config --global --add safe.directory /home/runner/work/tic-tac-toe-logic-check/tic-tac-toe-logic-check
build-and-deploy	Checkout	2026-02-06T01:59:34.3704670Z Deleting the contents of '/home/runner/work/tic-tac-toe-logic-check/tic-tac-toe-logic-check'
build-and-deploy	Checkout	2026-02-06T01:59:34.3707787Z ##[group]Initializing the repository
build-and-deploy	Checkout	2026-02-06T01:59:34.3710942Z [command]/usr/bin/git init /home/runner/work/tic-tac-toe-logic-check/tic-tac-toe-logic-check
build-and-deploy	Checkout	2026-02-06T01:59:34.3839958Z hint: Using 'master' as the name for the initial branch. This default branch name
build-and-deploy	Checkout	2026-02-06T01:59:34.3842051Z hint: will change to "main" in Git 3.0. To configure the initial branch name
build-and-deploy	Checkout	2026-02-06T01:59:34.3844081Z hint: to use in all of your new repositories, which will suppress this warning,
build-and-deploy	Checkout	2026-02-06T01:59:34.3846468Z hint: call:
build-and-deploy	Checkout	2026-02-06T01:59:34.3847210Z hint:
build-and-deploy	Checkout	2026-02-06T01:59:34.3848107Z hint: 	git config --global init.defaultBranch <name>
build-and-deploy	Checkout	2026-02-06T01:59:34.3849370Z hint:
build-and-deploy	Checkout	2026-02-06T01:59:34.3850535Z hint: Names commonly chosen instead of 'master' are 'main', 'trunk' and
build-and-deploy	Checkout	2026-02-06T01:59:34.3852497Z hint: 'development'. The just-created branch can be renamed via this command:
build-and-deploy	Checkout	2026-02-06T01:59:34.3853819Z hint:
build-and-deploy	Checkout	2026-02-06T01:59:34.3854618Z hint: 	git branch -m <name>
build-and-deploy	Checkout	2026-02-06T01:59:34.3855444Z hint:
build-and-deploy	Checkout	2026-02-06T01:59:34.3856503Z hint: Disable this message with "git config set advice.defaultBranchName false"
build-and-deploy	Checkout	2026-02-06T01:59:34.3858700Z Initialized empty Git repository in /home/runner/work/tic-tac-toe-logic-check/tic-tac-toe-logic-check/.git/
build-and-deploy	Checkout	2026-02-06T01:59:34.3862302Z [command]/usr/bin/git remote add origin https://github.com/OmarDST/tic-tac-toe-logic-check
build-and-deploy	Checkout	2026-02-06T01:59:34.3890911Z ##[endgroup]
build-and-deploy	Checkout	2026-02-06T01:59:34.3892182Z ##[group]Disabling automatic garbage collection
build-and-deploy	Checkout	2026-02-06T01:59:34.3893703Z [command]/usr/bin/git config --local gc.auto 0
build-and-deploy	Checkout	2026-02-06T01:59:34.3919664Z ##[endgroup]
build-and-deploy	Checkout	2026-02-06T01:59:34.3920828Z ##[group]Setting up auth
build-and-deploy	Checkout	2026-02-06T01:59:34.3924686Z [command]/usr/bin/git config --local --name-only --get-regexp core\.sshCommand
build-and-deploy	Checkout	2026-02-06T01:59:34.3951454Z [command]/usr/bin/git submodule foreach --recursive sh -c "git config --local --name-only --get-regexp 'core\.sshCommand' && git config --local --unset-all 'core.sshCommand' || :"
build-and-deploy	Checkout	2026-02-06T01:59:34.4337163Z [command]/usr/bin/git config --local --name-only --get-regexp http\.https\:\/\/github\.com\/\.extraheader
build-and-deploy	Checkout	2026-02-06T01:59:34.4364332Z [command]/usr/bin/git submodule foreach --recursive sh -c "git config --local --name-only --get-regexp 'http\.https\:\/\/github\.com\/\.extraheader' && git config --local --unset-all 'http.https://github.com/.extraheader' || :"
build-and-deploy	Checkout	2026-02-06T01:59:34.4594543Z [command]/usr/bin/git config --local http.https://github.com/.extraheader AUTHORIZATION: basic ***
build-and-deploy	Checkout	2026-02-06T01:59:34.4632660Z ##[endgroup]
build-and-deploy	Checkout	2026-02-06T01:59:34.4634742Z ##[group]Fetching the repository
build-and-deploy	Checkout	2026-02-06T01:59:34.4644387Z [command]/usr/bin/git -c protocol.version=2 fetch --no-tags --prune --progress --no-recurse-submodules --depth=1 origin +1c4ea83394f45756cd2928a767b02adb8f5c78c0:refs/remotes/origin/main
build-and-deploy	Checkout	2026-02-06T01:59:34.6683639Z remote: Enumerating objects: 25, done.        
build-and-deploy	Checkout	2026-02-06T01:59:34.6685315Z remote: Counting objects:   4% (1/25)        
build-and-deploy	Checkout	2026-02-06T01:59:34.6686494Z remote: Counting objects:   8% (2/25)        
build-and-deploy	Checkout	2026-02-06T01:59:34.6687648Z remote: Counting objects:  12% (3/25)        
build-and-deploy	Checkout	2026-02-06T01:59:34.6688789Z remote: Counting objects:  16% (4/25)        
build-and-deploy	Checkout	2026-02-06T01:59:34.6690181Z remote: Counting objects:  20% (5/25)        
build-and-deploy	Checkout	2026-02-06T01:59:34.6691343Z remote: Counting objects:  24% (6/25)        
build-and-deploy	Checkout	2026-02-06T01:59:34.6692473Z remote: Counting objects:  28% (7/25)        
build-and-deploy	Checkout	2026-02-06T01:59:34.6693622Z remote: Counting objects:  32% (8/25)        
build-and-deploy	Checkout	2026-02-06T01:59:34.6694634Z remote: Counting objects:  36% (9/25)        
build-and-deploy	Checkout	2026-02-06T01:59:34.6695641Z remote: Counting objects:  40% (10/25)        
build-and-deploy	Checkout	2026-02-06T01:59:34.6696637Z remote: Counting objects:  44% (11/25)        
build-and-deploy	Checkout	2026-02-06T01:59:34.6697648Z remote: Counting objects:  48% (12/25)        
build-and-deploy	Checkout	2026-02-06T01:59:34.6698645Z remote: Counting objects:  52% (13/25)        
build-and-deploy	Checkout	2026-02-06T01:59:34.6699833Z remote: Counting objects:  56% (14/25)        
build-and-deploy	Checkout	2026-02-06T01:59:34.6700997Z remote: Counting objects:  60% (15/25)        
build-and-deploy	Checkout	2026-02-06T01:59:34.6702011Z remote: Counting objects:  64% (16/25)        
build-and-deploy	Checkout	2026-02-06T01:59:34.6703054Z remote: Counting objects:  68% (17/25)        
build-and-deploy	Checkout	2026-02-06T01:59:34.6704056Z remote: Counting objects:  72% (18/25)        
build-and-deploy	Checkout	2026-02-06T01:59:34.6705055Z remote: Counting objects:  76% (19/25)        
build-and-deploy	Checkout	2026-02-06T01:59:34.6706051Z remote: Counting objects:  80% (20/25)        
build-and-deploy	Checkout	2026-02-06T01:59:34.6707065Z remote: Counting objects:  84% (21/25)        
build-and-deploy	Checkout	2026-02-06T01:59:34.6708336Z remote: Counting objects:  88% (22/25)        
build-and-deploy	Checkout	2026-02-06T01:59:34.6709348Z remote: Counting objects:  92% (23/25)        
build-and-deploy	Checkout	2026-02-06T01:59:34.6710579Z remote: Counting objects:  96% (24/25)        
build-and-deploy	Checkout	2026-02-06T01:59:34.6711596Z remote: Counting objects: 100% (25/25)        
build-and-deploy	Checkout	2026-02-06T01:59:34.6782943Z remote: Counting objects: 100% (25/25), done.        
build-and-deploy	Checkout	2026-02-06T01:59:34.6784341Z remote: Compressing objects:   5% (1/19)        
build-and-deploy	Checkout	2026-02-06T01:59:34.6785411Z remote: Compressing objects:  10% (2/19)        
build-and-deploy	Checkout	2026-02-06T01:59:34.6786480Z remote: Compressing objects:  15% (3/19)        
build-and-deploy	Checkout	2026-02-06T01:59:34.6787548Z remote: Compressing objects:  21% (4/19)        
build-and-deploy	Checkout	2026-02-06T01:59:34.6788596Z remote: Compressing objects:  26% (5/19)        
build-and-deploy	Checkout	2026-02-06T01:59:34.6789795Z remote: Compressing objects:  31% (6/19)        
build-and-deploy	Checkout	2026-02-06T01:59:34.6790865Z remote: Compressing objects:  36% (7/19)        
build-and-deploy	Checkout	2026-02-06T01:59:34.6791918Z remote: Compressing objects:  42% (8/19)        
build-and-deploy	Checkout	2026-02-06T01:59:34.6792999Z remote: Compressing objects:  47% (9/19)        
build-and-deploy	Checkout	2026-02-06T01:59:34.6794057Z remote: Compressing objects:  52% (10/19)        
build-and-deploy	Checkout	2026-02-06T01:59:34.6795175Z remote: Compressing objects:  57% (11/19)        
build-and-deploy	Checkout	2026-02-06T01:59:34.6796244Z remote: Compressing objects:  63% (12/19)        
build-and-deploy	Checkout	2026-02-06T01:59:34.6797285Z remote: Compressing objects:  68% (13/19)        
build-and-deploy	Checkout	2026-02-06T01:59:34.6798332Z remote: Compressing objects:  73% (14/19)        
build-and-deploy	Checkout	2026-02-06T01:59:34.6799395Z remote: Compressing objects:  78% (15/19)        
build-and-deploy	Checkout	2026-02-06T01:59:34.6800547Z remote: Compressing objects:  84% (16/19)        
build-and-deploy	Checkout	2026-02-06T01:59:34.6801590Z remote: Compressing objects:  89% (17/19)        
build-and-deploy	Checkout	2026-02-06T01:59:34.6802636Z remote: Compressing objects:  94% (18/19)        
build-and-deploy	Checkout	2026-02-06T01:59:34.6803693Z remote: Compressing objects: 100% (19/19)        
build-and-deploy	Checkout	2026-02-06T01:59:34.6804818Z remote: Compressing objects: 100% (19/19), done.        
build-and-deploy	Checkout	2026-02-06T01:59:34.6838626Z remote: Total 25 (delta 0), reused 23 (delta 0), pack-reused 0 (from 0)        
build-and-deploy	Checkout	2026-02-06T01:59:34.6916768Z From https://github.com/OmarDST/tic-tac-toe-logic-check
build-and-deploy	Checkout	2026-02-06T01:59:34.6919093Z  * [new ref]         1c4ea83394f45756cd2928a767b02adb8f5c78c0 -> origin/main
build-and-deploy	Checkout	2026-02-06T01:59:34.6955569Z ##[endgroup]
build-and-deploy	Checkout	2026-02-06T01:59:34.6957116Z ##[group]Determining the checkout info
build-and-deploy	Checkout	2026-02-06T01:59:34.6958585Z ##[endgroup]
build-and-deploy	Checkout	2026-02-06T01:59:34.6959917Z ##[group]Checking out the ref
build-and-deploy	Checkout	2026-02-06T01:59:34.6961761Z [command]/usr/bin/git checkout --progress --force -B main refs/remotes/origin/main
build-and-deploy	Checkout	2026-02-06T01:59:34.7023180Z Switched to a new branch 'main'
build-and-deploy	Checkout	2026-02-06T01:59:34.7026035Z branch 'main' set up to track 'origin/main'.
build-and-deploy	Checkout	2026-02-06T01:59:34.7033627Z ##[endgroup]
build-and-deploy	Checkout	2026-02-06T01:59:34.7067312Z [command]/usr/bin/git log -1 --format='%H'
build-and-deploy	Checkout	2026-02-06T01:59:34.7089390Z '1c4ea83394f45756cd2928a767b02adb8f5c78c0'
build-and-deploy	Install and Build	ï»¿2026-02-06T01:59:34.7295536Z ##[group]Run npm ci
build-and-deploy	Install and Build	2026-02-06T01:59:34.7296344Z [36;1mnpm ci[0m
build-and-deploy	Install and Build	2026-02-06T01:59:34.7297010Z [36;1mnpm run build[0m
build-and-deploy	Install and Build	2026-02-06T01:59:34.7332592Z shell: /usr/bin/bash -e {0}
build-and-deploy	Install and Build	2026-02-06T01:59:34.7333447Z ##[endgroup]
build-and-deploy	Install and Build	2026-02-06T01:59:37.6425718Z 
build-and-deploy	Install and Build	2026-02-06T01:59:37.6426558Z added 39 packages, and audited 40 packages in 3s
build-and-deploy	Install and Build	2026-02-06T01:59:37.6427164Z 
build-and-deploy	Install and Build	2026-02-06T01:59:37.6443958Z 6 packages are looking for funding
build-and-deploy	Install and Build	2026-02-06T01:59:37.6444597Z   run `npm fund` for details
build-and-deploy	Install and Build	2026-02-06T01:59:37.6444960Z 
build-and-deploy	Install and Build	2026-02-06T01:59:37.6445202Z found 0 vulnerabilities
build-and-deploy	Install and Build	2026-02-06T01:59:37.7795350Z 
build-and-deploy	Install and Build	2026-02-06T01:59:37.7795893Z > tic-tac-toe@0.0.0 build
build-and-deploy	Install and Build	2026-02-06T01:59:37.7796420Z > vite build
build-and-deploy	Install and Build	2026-02-06T01:59:37.7796705Z 
build-and-deploy	Install and Build	2026-02-06T01:59:38.0720726Z [36mvite v7.3.1 [32mbuilding client environment for production...[36m[39m
build-and-deploy	Install and Build	2026-02-06T01:59:38.1723359Z transforming...
build-and-deploy	Install and Build	2026-02-06T02:00:16.2042202Z [32mâœ“[39m 1226 modules transformed.
build-and-deploy	Install and Build	2026-02-06T02:00:16.8308436Z rendering chunks...
build-and-deploy	Install and Build	2026-02-06T02:00:17.8060477Z computing gzip size...
build-and-deploy	Install and Build	2026-02-06T02:00:17.9152676Z [2mdist/[22m[32mindex.html                              [39m[1m[2m    0.85 kB[22m[1m[22m[2m â”‚ gzip:   0.44 kB[22m
build-and-deploy	Install and Build	2026-02-06T02:00:17.9154668Z [2mdist/[22m[2massets/[22m[32mcodicon-ngg6Pgfi.ttf             [39m[1m[2m  121.97 kB[22m[1m[22m
build-and-deploy	Install and Build	2026-02-06T02:00:17.9155886Z [2mdist/[22m[2massets/[22m[32meditor.worker-CdQrwHl8.js        [39m[1m[2m  251.81 kB[22m[1m[22m
build-and-deploy	Install and Build	2026-02-06T02:00:17.9158878Z [2mdist/[22m[2massets/[22m[32mjson.worker-BoL8UZqY.js          [39m[1m[2m  383.07 kB[22m[1m[22m
build-and-deploy	Install and Build	2026-02-06T02:00:17.9160541Z [2mdist/[22m[2massets/[22m[32mhtml.worker-CwpTb9lJ.js          [39m[1m[2m  693.16 kB[22m[1m[22m
build-and-deploy	Install and Build	2026-02-06T02:00:17.9161904Z [2mdist/[22m[2massets/[22m[32mcss.worker-DBVD8oXr.js           [39m[1m[2m1,030.36 kB[22m[1m[22m
build-and-deploy	Install and Build	2026-02-06T02:00:17.9163230Z [2mdist/[22m[2massets/[22m[32mts.worker-BH9nVgjN.js            [39m[1m[2m7,010.23 kB[22m[1m[22m
build-and-deploy	Install and Build	2026-02-06T02:00:17.9164712Z [2mdist/[22m[2massets/[22m[35mindex-DRDq49Ll.css               [39m[1m[2m  153.73 kB[22m[1m[22m[2m â”‚ gzip:  24.85 kB[22m
build-and-deploy	Install and Build	2026-02-06T02:00:17.9166280Z [2mdist/[22m[2massets/[22m[36mazcli-Y6nb8tq_.js                [39m[1m[2m    0.71 kB[22m[1m[22m[2m â”‚ gzip:   0.28 kB[22m
build-and-deploy	Install and Build	2026-02-06T02:00:17.9167856Z [2mdist/[22m[2massets/[22m[36mjavascript-CLesejfu.js           [39m[1m[2m    0.80 kB[22m[1m[22m[2m â”‚ gzip:   0.44 kB[22m
build-and-deploy	Install and Build	2026-02-06T02:00:17.9169349Z [2mdist/[22m[2massets/[22m[36mini-Kd9XrMLS.js                  [39m[1m[2m    0.96 kB[22m[1m[22m[2m â”‚ gzip:   0.50 kB[22m
build-and-deploy	Install and Build	2026-02-06T02:00:17.9171010Z [2mdist/[22m[2massets/[22m[36mcsp-D-4FJmMZ.js                  [39m[1m[2m    1.28 kB[22m[1m[22m[2m â”‚ gzip:   0.49 kB[22m
build-and-deploy	Install and Build	2026-02-06T02:00:17.9172482Z [2mdist/[22m[2massets/[22m[36mpla-DSh2-awV.js                  [39m[1m[2m    1.55 kB[22m[1m[22m[2m â”‚ gzip:   0.61 kB[22m
build-and-deploy	Install and Build	2026-02-06T02:00:17.9174079Z [2mdist/[22m[2massets/[22m[36mscheme-BPhDTwHR.js               [39m[1m[2m    1.63 kB[22m[1m[22m[2m â”‚ gzip:   0.78 kB[22m
build-and-deploy	Install and Build	2026-02-06T02:00:17.9175647Z [2mdist/[22m[2massets/[22m[36mflow9-BeJ5waoc.js                [39m[1m[2m    1.67 kB[22m[1m[22m[2m â”‚ gzip:   0.81 kB[22m
build-and-deploy	Install and Build	2026-02-06T02:00:17.9177249Z [2mdist/[22m[2massets/[22m[36msb-BBc9UKZt.js                   [39m[1m[2m    1.69 kB[22m[1m[22m[2m â”‚ gzip:   0.79 kB[22m
build-and-deploy	Install and Build	2026-02-06T02:00:17.9178716Z [2mdist/[22m[2massets/[22m[36mbat-BwHxbl9M.js                  [39m[1m[2m    1.71 kB[22m[1m[22m[2m â”‚ gzip:   0.83 kB[22m
build-and-deploy	Install and Build	2026-02-06T02:00:17.9180412Z [2mdist/[22m[2massets/[22m[36mdockerfile-BG73LgW2.js           [39m[1m[2m    1.73 kB[22m[1m[22m[2m â”‚ gzip:   0.63 kB[22m
build-and-deploy	Install and Build	2026-02-06T02:00:17.9181866Z [2mdist/[22m[2massets/[22m[36mpascaligo-DtZ0uQbO.js            [39m[1m[2m    1.86 kB[22m[1m[22m[2m â”‚ gzip:   0.87 kB[22m
build-and-deploy	Install and Build	2026-02-06T02:00:17.9183431Z [2mdist/[22m[2massets/[22m[36mxml-Bgdw9wOa.js                  [39m[1m[2m    1.93 kB[22m[1m[22m[2m â”‚ gzip:   0.73 kB[22m
build-and-deploy	Install and Build	2026-02-06T02:00:17.9185397Z [2mdist/[22m[2massets/[22m[36mlua-Cyyb5UIc.js                  [39m[1m[2m    1.99 kB[22m[1m[22m[2m â”‚ gzip:   0.89 kB[22m
build-and-deploy	Install and Build	2026-02-06T02:00:17.9186820Z [2mdist/[22m[2massets/[22m[36mcameligo-Bf6VGUru.js             [39m[1m[2m    2.05 kB[22m[1m[22m[2m â”‚ gzip:   0.92 kB[22m
build-and-deploy	Install and Build	2026-02-06T02:00:17.9188299Z [2mdist/[22m[2massets/[22m[36mgraphql-BxJiqAUM.js              [39m[1m[2m    2.12 kB[22m[1m[22m[2m â”‚ gzip:   0.99 kB[22m
build-and-deploy	Install and Build	2026-02-06T02:00:17.9189950Z [2mdist/[22m[2massets/[22m[36mobjective-c-BDtDVThU.js          [39m[1m[2m    2.26 kB[22m[1m[22m[2m â”‚ gzip:   1.02 kB[22m
build-and-deploy	Install and Build	2026-02-06T02:00:17.9191201Z [2mdist/[22m[2massets/[22m[36mlexon-OrD6JF1K.js                [39m[1m[2m    2.30 kB[22m[1m[22m[2m â”‚ gzip:   0.89 kB[22m
build-and-deploy	Install and Build	2026-02-06T02:00:17.9192390Z [2mdist/[22m[2massets/[22m[36mbicep-CFznDFnq.js                [39m[1m[2m    2.40 kB[22m[1m[22m[2m â”‚ gzip:   0.93 kB[22m
build-and-deploy	Install and Build	2026-02-06T02:00:17.9193611Z [2mdist/[22m[2massets/[22m[36msparql-CJmd_6j2.js               [39m[1m[2m    2.41 kB[22m[1m[22m[2m â”‚ gzip:   1.12 kB[22m
build-and-deploy	Install and Build	2026-02-06T02:00:17.9195053Z [2mdist/[22m[2massets/[22m[36mmips-CiqrrVzr.js                 [39m[1m[2m    2.44 kB[22m[1m[22m[2m â”‚ gzip:   1.03 kB[22m
build-and-deploy	Install and Build	2026-02-06T02:00:17.9196298Z [2mdist/[22m[2massets/[22m[36mgo-acbASCJo.js                   [39m[1m[2m    2.52 kB[22m[1m[22m[2m â”‚ gzip:   1.11 kB[22m
build-and-deploy	Install and Build	2026-02-06T02:00:17.9197629Z [2mdist/[22m[2massets/[22m[36msophia-CnS9iZB_.js               [39m[1m[2m    2.63 kB[22m[1m[22m[2m â”‚ gzip:   1.17 kB[22m
build-and-deploy	Install and Build	2026-02-06T02:00:17.9198983Z [2mdist/[22m[2massets/[22m[36mtypespec-Btyra-wh.js             [39m[1m[2m    2.66 kB[22m[1m[22m[2m â”‚ gzip:   1.05 kB[22m
build-and-deploy	Install and Build	2026-02-06T02:00:17.9200525Z [2mdist/[22m[2massets/[22m[36mm3-B8OfTtLu.js                   [39m[1m[2m    2.68 kB[22m[1m[22m[2m â”‚ gzip:   1.28 kB[22m
build-and-deploy	Install and Build	2026-02-06T02:00:17.9201654Z [2mdist/[22m[2massets/[22m[36mfsharp-PahG7c26.js               [39m[1m[2m    2.85 kB[22m[1m[22m[2m â”‚ gzip:   1.28 kB[22m
build-and-deploy	Install and Build	2026-02-06T02:00:17.9202807Z [2mdist/[22m[2massets/[22m[36mpascal-vHIfCaH5.js               [39m[1m[2m    2.86 kB[22m[1m[22m[2m â”‚ gzip:   1.36 kB[22m
build-and-deploy	Install and Build	2026-02-06T02:00:17.9203941Z [2mdist/[22m[2massets/[22m[36mshell-DiJ1NA_G.js                [39m[1m[2m    2.94 kB[22m[1m[22m[2m â”‚ gzip:   1.16 kB[22m
build-and-deploy	Install and Build	2026-02-06T02:00:17.9205067Z [2mdist/[22m[2massets/[22m[36mr-j7ic8hl3.js                    [39m[1m[2m    2.99 kB[22m[1m[22m[2m â”‚ gzip:   1.24 kB[22m
build-and-deploy	Install and Build	2026-02-06T02:00:17.9206209Z [2mdist/[22m[2massets/[22m[36mcssMode-B9kE6RcZ.js              [39m[1m[2m    3.03 kB[22m[1m[22m[2m â”‚ gzip:   1.15 kB[22m
build-and-deploy	Install and Build	2026-02-06T02:00:17.9207531Z [2mdist/[22m[2massets/[22m[36mqsharp-Bw9ernYp.js               [39m[1m[2m    3.05 kB[22m[1m[22m[2m â”‚ gzip:   1.37 kB[22m
build-and-deploy	Install and Build	2026-02-06T02:00:17.9208879Z [2mdist/[22m[2massets/[22m[36mjava-CXBNlu9o.js                 [39m[1m[2m    3.08 kB[22m[1m[22m[2m â”‚ gzip:   1.36 kB[22m
build-and-deploy	Install and Build	2026-02-06T02:00:17.9210433Z [2mdist/[22m[2massets/[22m[36mpowershell-COWaemsV.js           [39m[1m[2m    3.13 kB[22m[1m[22m[2m â”‚ gzip:   1.34 kB[22m
build-and-deploy	Install and Build	2026-02-06T02:00:17.9211825Z [2mdist/[22m[2massets/[22m[36mcypher-cTPe9QuQ.js               [39m[1m[2m    3.25 kB[22m[1m[22m[2m â”‚ gzip:   1.40 kB[22m
build-and-deploy	Install and Build	2026-02-06T02:00:17.9213172Z [2mdist/[22m[2massets/[22m[36mkotlin-s7OhZKlX.js               [39m[1m[2m    3.26 kB[22m[1m[22m[2m â”‚ gzip:   1.43 kB[22m
build-and-deploy	Install and Build	2026-02-06T02:00:17.9214515Z [2mdist/[22m[2massets/[22m[36mredis-Bu5POkcn.js                [39m[1m[2m    3.42 kB[22m[1m[22m[2m â”‚ gzip:   1.44 kB[22m
build-and-deploy	Install and Build	2026-02-06T02:00:17.9215844Z [2mdist/[22m[2massets/[22m[36mtcl-Dm6ycUr_.js                  [39m[1m[2m    3.43 kB[22m[1m[22m[2m â”‚ gzip:   1.33 kB[22m
build-and-deploy	Install and Build	2026-02-06T02:00:17.9217169Z [2mdist/[22m[2massets/[22m[36mcoffee-Bd8akH9Z.js               [39m[1m[2m    3.45 kB[22m[1m[22m[2m â”‚ gzip:   1.26 kB[22m
build-and-deploy	Install and Build	2026-02-06T02:00:17.9218728Z [2mdist/[22m[2massets/[22m[36mhcl-DtV1sZF8.js                  [39m[1m[2m    3.45 kB[22m[1m[22m[2m â”‚ gzip:   1.45 kB[22m
build-and-deploy	Install and Build	2026-02-06T02:00:17.9220229Z [2mdist/[22m[2massets/[22m[36mliquid-zqrxRgoU.js               [39m[1m[2m    3.48 kB[22m[1m[22m[2m â”‚ gzip:   1.42 kB[22m
build-and-deploy	Install and Build	2026-02-06T02:00:17.9221620Z [2mdist/[22m[2massets/[22m[36mhtmlMode-Bj-PT1IV.js             [39m[1m[2m    3.49 kB[22m[1m[22m[2m â”‚ gzip:   1.26 kB[22m
build-and-deploy	Install and Build	2026-02-06T02:00:17.9222829Z [2mdist/[22m[2massets/[22m[36myaml-BT0S5_xx.js                 [39m[1m[2m    3.54 kB[22m[1m[22m[2m â”‚ gzip:   1.29 kB[22m
build-and-deploy	Install and Build	2026-02-06T02:00:17.9224045Z [2mdist/[22m[2massets/[22m[36mmarkdown-BFxVWTOG.js             [39m[1m[2m    3.65 kB[22m[1m[22m[2m â”‚ gzip:   1.35 kB[22m
build-and-deploy	Install and Build	2026-02-06T02:00:17.9225363Z [2mdist/[22m[2massets/[22m[36mpython-DGFltZHb.js               [39m[1m[2m    3.72 kB[22m[1m[22m[2m â”‚ gzip:   1.45 kB[22m
build-and-deploy	Install and Build	2026-02-06T02:00:17.9226754Z [2mdist/[22m[2massets/[22m[36mrestructuredtext-CqXO7rUv.js     [39m[1m[2m    3.76 kB[22m[1m[22m[2m â”‚ gzip:   1.33 kB[22m
build-and-deploy	Install and Build	2026-02-06T02:00:17.9228121Z [2mdist/[22m[2massets/[22m[36mless-9HpZscsL.js                 [39m[1m[2m    3.76 kB[22m[1m[22m[2m â”‚ gzip:   1.38 kB[22m
build-and-deploy	Install and Build	2026-02-06T02:00:17.9229855Z [2mdist/[22m[2massets/[22m[36mapex-DNDY2TF8.js                 [39m[1m[2m    3.82 kB[22m[1m[22m[2m â”‚ gzip:   1.73 kB[22m
build-and-deploy	Install and Build	2026-02-06T02:00:17.9231195Z [2mdist/[22m[2massets/[22m[36mrust-BzKRNQWT.js                 [39m[1m[2m    4.02 kB[22m[1m[22m[2m â”‚ gzip:   1.79 kB[22m
build-and-deploy	Install and Build	2026-02-06T02:00:17.9232501Z [2mdist/[22m[2massets/[22m[36mdart-BOtBlQCF.js                 [39m[1m[2m    4.11 kB[22m[1m[22m[2m â”‚ gzip:   1.61 kB[22m
build-and-deploy	Install and Build	2026-02-06T02:00:17.9233808Z [2mdist/[22m[2massets/[22m[36mmdx-Dabj9ZQ6.js                  [39m[1m[2m    4.32 kB[22m[1m[22m[2m â”‚ gzip:   1.21 kB[22m
build-and-deploy	Install and Build	2026-02-06T02:00:17.9235064Z [2mdist/[22m[2massets/[22m[36mcss-DdJfP1eB.js                  [39m[1m[2m    4.37 kB[22m[1m[22m[2m â”‚ gzip:   1.34 kB[22m
build-and-deploy	Install and Build	2026-02-06T02:00:17.9236376Z [2mdist/[22m[2massets/[22m[36mcsharp-Co3qMtFm.js               [39m[1m[2m    4.39 kB[22m[1m[22m[2m â”‚ gzip:   1.69 kB[22m
build-and-deploy	Install and Build	2026-02-06T02:00:17.9237714Z [2mdist/[22m[2massets/[22m[36mhtml-BlJwJlJH.js                 [39m[1m[2m    4.53 kB[22m[1m[22m[2m â”‚ gzip:   1.16 kB[22m
build-and-deploy	Install and Build	2026-02-06T02:00:17.9239009Z [2mdist/[22m[2massets/[22m[36mpug-8SOpv6rk.js                  [39m[1m[2m    4.69 kB[22m[1m[22m[2m â”‚ gzip:   1.61 kB[22m
build-and-deploy	Install and Build	2026-02-06T02:00:17.9240478Z [2mdist/[22m[2massets/[22m[36mmsdax-DmeGPVcC.js                [39m[1m[2m    4.77 kB[22m[1m[22m[2m â”‚ gzip:   1.91 kB[22m
build-and-deploy	Install and Build	2026-02-06T02:00:17.9241796Z [2mdist/[22m[2massets/[22m[36mswift-CnmFD0ga.js                [39m[1m[2m    4.77 kB[22m[1m[22m[2m â”‚ gzip:   2.00 kB[22m
build-and-deploy	Install and Build	2026-02-06T02:00:17.9243158Z [2mdist/[22m[2massets/[22m[36mtypescript-B7hU-MpB.js           [39m[1m[2m    4.90 kB[22m[1m[22m[2m â”‚ gzip:   1.94 kB[22m
build-and-deploy	Install and Build	2026-02-06T02:00:17.9244453Z [2mdist/[22m[2massets/[22m[36mcpp-BbWJElDN.js                  [39m[1m[2m    5.16 kB[22m[1m[22m[2m â”‚ gzip:   2.06 kB[22m
build-and-deploy	Install and Build	2026-02-06T02:00:17.9245741Z [2mdist/[22m[2massets/[22m[36mecl-BEgZUVRK.js                  [39m[1m[2m    5.20 kB[22m[1m[22m[2m â”‚ gzip:   2.19 kB[22m
build-and-deploy	Install and Build	2026-02-06T02:00:17.9246975Z [2mdist/[22m[2massets/[22m[36mvb-Db0cS2oM.js                   [39m[1m[2m    5.65 kB[22m[1m[22m[2m â”‚ gzip:   2.02 kB[22m
build-and-deploy	Install and Build	2026-02-06T02:00:17.9248247Z [2mdist/[22m[2massets/[22m[36mtwig-Csy3S7wG.js                 [39m[1m[2m    5.84 kB[22m[1m[22m[2m â”‚ gzip:   1.49 kB[22m
build-and-deploy	Install and Build	2026-02-06T02:00:17.9249631Z [2mdist/[22m[2massets/[22m[36mscss-CBJaRo0y.js                 [39m[1m[2m    6.27 kB[22m[1m[22m[2m â”‚ gzip:   1.71 kB[22m
build-and-deploy	Install and Build	2026-02-06T02:00:17.9250980Z [2mdist/[22m[2massets/[22m[36mhandlebars-CxMDVC8u.js           [39m[1m[2m    6.29 kB[22m[1m[22m[2m â”‚ gzip:   1.37 kB[22m
build-and-deploy	Install and Build	2026-02-06T02:00:17.9252527Z [2mdist/[22m[2massets/[22m[36mjulia-cl7-CwDS.js                [39m[1m[2m    7.01 kB[22m[1m[22m[2m â”‚ gzip:   2.62 kB[22m
build-and-deploy	Install and Build	2026-02-06T02:00:17.9253853Z [2mdist/[22m[2massets/[22m[36mscala-D9hQfWCl.js                [39m[1m[2m    7.18 kB[22m[1m[22m[2m â”‚ gzip:   2.06 kB[22m
build-and-deploy	Install and Build	2026-02-06T02:00:17.9255166Z [2mdist/[22m[2massets/[22m[36mwgsl-BTesnYfV.js                 [39m[1m[2m    7.21 kB[22m[1m[22m[2m â”‚ gzip:   2.72 kB[22m
build-and-deploy	Install and Build	2026-02-06T02:00:17.9256480Z [2mdist/[22m[2massets/[22m[36mst-CHwy0fLd.js                   [39m[1m[2m    7.26 kB[22m[1m[22m[2m â”‚ gzip:   2.21 kB[22m
build-and-deploy	Install and Build	2026-02-06T02:00:17.9257817Z [2mdist/[22m[2massets/[22m[36msystemverilog-Bs9z6M-B.js        [39m[1m[2m    7.47 kB[22m[1m[22m[2m â”‚ gzip:   2.72 kB[22m
build-and-deploy	Install and Build	2026-02-06T02:00:17.9259212Z [2mdist/[22m[2massets/[22m[36mpostiats-CocnycG-.js             [39m[1m[2m    7.72 kB[22m[1m[22m[2m â”‚ gzip:   2.40 kB[22m
build-and-deploy	Install and Build	2026-02-06T02:00:17.9260770Z [2mdist/[22m[2massets/[22m[36mphp-BBUBE1dy.js                  [39m[1m[2m    7.89 kB[22m[1m[22m[2m â”‚ gzip:   2.04 kB[22m
build-and-deploy	Install and Build	2026-02-06T02:00:17.9262097Z [2mdist/[22m[2massets/[22m[36mperl-Ub6l9XKa.js                 [39m[1m[2m    8.12 kB[22m[1m[22m[2m â”‚ gzip:   3.10 kB[22m
build-and-deploy	Install and Build	2026-02-06T02:00:17.9263591Z [2mdist/[22m[2massets/[22m[36mrazor-Yzl2OeKB.js                [39m[1m[2m    8.29 kB[22m[1m[22m[2m â”‚ gzip:   2.06 kB[22m
build-and-deploy	Install and Build	2026-02-06T02:00:17.9264879Z [2mdist/[22m[2massets/[22m[36mruby-zBfavPgS.js                 [39m[1m[2m    8.37 kB[22m[1m[22m[2m â”‚ gzip:   2.54 kB[22m
build-and-deploy	Install and Build	2026-02-06T02:00:17.9266185Z [2mdist/[22m[2massets/[22m[36mprotobuf-Brw8urJB.js             [39m[1m[2m    8.91 kB[22m[1m[22m[2m â”‚ gzip:   2.04 kB[22m
build-and-deploy	Install and Build	2026-02-06T02:00:17.9267535Z [2mdist/[22m[2massets/[22m[36mclojure-Dnu-v4kV.js              [39m[1m[2m    9.51 kB[22m[1m[22m[2m â”‚ gzip:   3.57 kB[22m
build-and-deploy	Install and Build	2026-02-06T02:00:17.9268347Z [33m
build-and-deploy	Install and Build	2026-02-06T02:00:17.9268757Z (!) Some chunks are larger than 500 kB after minification. Consider:
build-and-deploy	Install and Build	2026-02-06T02:00:17.9269409Z - Using dynamic import() to code-split the application
build-and-deploy	Install and Build	2026-02-06T02:00:17.9270723Z - Use build.rollupOptions.output.manualChunks to improve chunking: https://rollupjs.org/configuration-options/#output-manualchunks
build-and-deploy	Install and Build	2026-02-06T02:00:17.9272167Z - Adjust chunk size limit for this warning via build.chunkSizeWarningLimit.[39m
build-and-deploy	Install and Build	2026-02-06T02:00:17.9273327Z [2mdist/[22m[2massets/[22m[36melixir-BkW5O-1t.js               [39m[1m[2m   10.12 kB[22m[1m[22m[2m â”‚ gzip:   2.50 kB[22m
build-and-deploy	Install and Build	2026-02-06T02:00:17.9274618Z [2mdist/[22m[2massets/[22m[36msql-ClhHkBeG.js                  [39m[1m[2m   10.16 kB[22m[1m[22m[2m â”‚ gzip:   3.79 kB[22m
build-and-deploy	Install and Build	2026-02-06T02:00:17.9275905Z [2mdist/[22m[2massets/[22m[36mmysql-C_tMU-Nz.js                [39m[1m[2m   11.14 kB[22m[1m[22m[2m â”‚ gzip:   4.01 kB[22m
build-and-deploy	Install and Build	2026-02-06T02:00:17.9277228Z [2mdist/[22m[2massets/[22m[36mredshift-Bs9aos_-.js             [39m[1m[2m   11.66 kB[22m[1m[22m[2m â”‚ gzip:   4.30 kB[22m
build-and-deploy	Install and Build	2026-02-06T02:00:17.9278601Z [2mdist/[22m[2massets/[22m[36mjsonMode-DpFiBiM0.js             [39m[1m[2m   12.41 kB[22m[1m[22m[2m â”‚ gzip:   4.57 kB[22m
build-and-deploy	Install and Build	2026-02-06T02:00:17.9280069Z [2mdist/[22m[2massets/[22m[36mpgsql-BlNEE0v7.js                [39m[1m[2m   13.33 kB[22m[1m[22m[2m â”‚ gzip:   4.46 kB[22m
build-and-deploy	Install and Build	2026-02-06T02:00:17.9281390Z [2mdist/[22m[2massets/[22m[36mabap-DLDM7-KI.js                 [39m[1m[2m   14.03 kB[22m[1m[22m[2m â”‚ gzip:   5.27 kB[22m
build-and-deploy	Install and Build	2026-02-06T02:00:17.9282728Z [2mdist/[22m[2massets/[22m[36mfreemarker2-B_2xJ6iE.js          [39m[1m[2m   15.59 kB[22m[1m[22m[2m â”‚ gzip:   3.91 kB[22m
build-and-deploy	Install and Build	2026-02-06T02:00:17.9284116Z [2mdist/[22m[2massets/[22m[36mpowerquery-tScXyioY.js           [39m[1m[2m   16.80 kB[22m[1m[22m[2m â”‚ gzip:   4.81 kB[22m
build-and-deploy	Install and Build	2026-02-06T02:00:17.9285503Z [2mdist/[22m[2massets/[22m[36msolidity-Db0IVjzk.js             [39m[1m[2m   18.46 kB[22m[1m[22m[2m â”‚ gzip:   4.41 kB[22m
build-and-deploy	Install and Build	2026-02-06T02:00:17.9286853Z [2mdist/[22m[2massets/[22m[36mtsMode-Vi6vRhee.js               [39m[1m[2m   21.98 kB[22m[1m[22m[2m â”‚ gzip:   6.24 kB[22m
build-and-deploy	Install and Build	2026-02-06T02:00:17.9288534Z [2mdist/[22m[2massets/[22m[36mlspLanguageFeatures-O9OnISCQ.js  [39m[1m[2m   28.68 kB[22m[1m[22m[2m â”‚ gzip:   7.73 kB[22m
build-and-deploy	Install and Build	2026-02-06T02:00:17.9290123Z [2mdist/[22m[2massets/[22m[36mindex-DcphkZTu.js                [39m[1m[33m3,799.27 kB[39m[22m[2m â”‚ gzip: 992.33 kB[22m
build-and-deploy	Install and Build	2026-02-06T02:00:17.9291031Z [32mâœ“ built in 39.82s[39m
build-and-deploy	Deploy	ï»¿2026-02-06T02:00:18.1586508Z ##[group]Run JamesIves/github-pages-deploy-action@v4
build-and-deploy	Deploy	2026-02-06T02:00:18.1586868Z with:
build-and-deploy	Deploy	2026-02-06T02:00:18.1587029Z   folder: dist
build-and-deploy	Deploy	2026-02-06T02:00:18.1587383Z   token: ***
build-and-deploy	Deploy	2026-02-06T02:00:18.1587555Z   branch: gh-pages
build-and-deploy	Deploy	2026-02-06T02:00:18.1587728Z   clean: true
build-and-deploy	Deploy	2026-02-06T02:00:18.1587888Z   force: true
build-and-deploy	Deploy	2026-02-06T02:00:18.1588043Z   attempt-limit: 3
build-and-deploy	Deploy	2026-02-06T02:00:18.1588217Z ##[endgroup]
build-and-deploy	Deploy	2026-02-06T02:00:18.2619425Z 
build-and-deploy	Deploy	2026-02-06T02:00:18.2620514Z     â•­â”â”â”â•®â•­â•®â•­â•®â•±â•­â•®â•±â•±â•­â•®â•±â•±â•­â”â”â”â•®
build-and-deploy	Deploy	2026-02-06T02:00:18.2621211Z     â”ƒâ•­â”â•®â”£â•¯â•°â”«â”ƒâ•±â”ƒâ”ƒâ•±â•±â”ƒâ”ƒâ•±â•±â”ƒâ•­â”â•®â”ƒ
build-and-deploy	Deploy	2026-02-06T02:00:18.2621669Z     â”ƒâ”ƒâ•±â•°â•‹â•®â•­â”«â•°â”â•¯â”£â•®â•­â”«â•°â”â•®â”ƒâ•°â”â•¯â”£â”â”â”³â”â”â”³â”â”â”³â”â”â•®
build-and-deploy	Deploy	2026-02-06T02:00:18.2622080Z     â”ƒâ”ƒâ•­â”â•‹â”«â”ƒâ”ƒâ•­â”â•®â”ƒâ”ƒâ”ƒâ”ƒâ•­â•®â”ƒâ”ƒâ•­â”â”â”«â•­â•®â”ƒâ•­â•®â”ƒâ”ƒâ”â”«â”â”â”«
build-and-deploy	Deploy	2026-02-06T02:00:18.2622856Z     â”ƒâ•°â”»â”â”ƒâ”ƒâ•°â”«â”ƒâ•±â”ƒâ”ƒâ•°â•¯â”ƒâ•°â•¯â”ƒâ”ƒâ”ƒâ•±â•±â”ƒâ•­â•®â”ƒâ•°â•¯â”ƒâ”ƒâ”â•‹â”â”â”ƒ
build-and-deploy	Deploy	2026-02-06T02:00:18.2623249Z     â•°â”â”â”â”»â”»â”â”»â•¯â•±â•°â”»â”â”â”»â”â”â•¯â•°â•¯â•±â•±â•°â•¯â•°â”»â”â•®â”£â”â”â”»â”â”â•¯
build-and-deploy	Deploy	2026-02-06T02:00:18.2623628Z     â•±â•±â•±â•±â•±â•±â•±â•±â•±â•±â•±â•±â•±â•±â•±â•±â•±â•±â•±â•±â•±â•±â•±â•±â•±â•­â”â•¯â”ƒ
build-and-deploy	Deploy	2026-02-06T02:00:18.2623984Z     â•±â•±â•±â•±â•±â•±â•±â•±â•±â•±â•±â•±â•±â•±â•±â•±â•±â•±â•±â•±â•±â•±â•±â•±â•±â•°â”â”â•¯
build-and-deploy	Deploy	2026-02-06T02:00:18.2624357Z     â•­â”â”â”â•®â•±â•±â•±â•±â•±â•­â•®â•±â•±â•±â•±â•±â•±â•±â•±â•­â”â”â”â•®â•±â•±â•­â•®
build-and-deploy	Deploy	2026-02-06T02:00:18.2624949Z     â•°â•®â•­â•®â”ƒâ•±â•±â•±â•±â•±â”ƒâ”ƒâ•±â•±â•±â•±â•±â•±â•±â•±â”ƒâ•­â”â•®â”ƒâ•±â•­â•¯â•°â•®
build-and-deploy	Deploy	2026-02-06T02:00:18.2625595Z     â•±â”ƒâ”ƒâ”ƒâ”£â”â”â”³â”â”â”«â”ƒâ•­â”â”â”³â•®â•±â•­â•®â”ƒâ”ƒâ•±â”ƒâ”£â”â”»â•®â•­â•‹â”³â”â”â”³â”â•®
build-and-deploy	Deploy	2026-02-06T02:00:18.2626337Z     â•±â”ƒâ”ƒâ”ƒâ”ƒâ”ƒâ”â”«â•­â•®â”ƒâ”ƒâ”ƒâ•­â•®â”ƒâ”ƒâ•±â”ƒâ”ƒâ”ƒâ•°â”â•¯â”ƒâ•­â”â”«â”ƒâ”£â”«â•­â•®â”ƒâ•­â•®â•®
build-and-deploy	Deploy	2026-02-06T02:00:18.2626901Z     â•­â•¯â•°â•¯â”ƒâ”ƒâ”â”«â•°â•¯â”ƒâ•°â”«â•°â•¯â”ƒâ•°â”â•¯â”ƒâ”ƒâ•­â”â•®â”ƒâ•°â”â”«â•°â”«â”ƒâ•°â•¯â”ƒâ”ƒâ”ƒâ”ƒ
build-and-deploy	Deploy	2026-02-06T02:00:18.2627318Z     â•°â”â”â”â”»â”â”â”«â•­â”â”»â”â”»â”â”â”»â”â•®â•­â•¯â•°â•¯â•±â•°â”»â”â”â”»â”â”»â”»â”â”â”»â•¯â•°â•¯
build-and-deploy	Deploy	2026-02-06T02:00:18.2627680Z     â•±â•±â•±â•±â•±â•±â•±â”ƒâ”ƒâ•±â•±â•±â•±â•±â•±â•­â”â•¯â”ƒ
build-and-deploy	Deploy	2026-02-06T02:00:18.2627985Z     â•±â•±â•±â•±â•±â•±â•±â•°â•¯â•±â•±â•±â•±â•±â•±â•°â”â”â•¯
build-and-deploy	Deploy	2026-02-06T02:00:18.2628224Z     
build-and-deploy	Deploy	2026-02-06T02:00:18.2628355Z 
build-and-deploy	Deploy	2026-02-06T02:00:18.2628673Z     ğŸ’– Support: https://github.com/sponsors/JamesIves
build-and-deploy	Deploy	2026-02-06T02:00:18.2629233Z     ğŸ“£ Maintained by James Ives: https://jamesiv.es
build-and-deploy	Deploy	2026-02-06T02:00:18.2629886Z 
build-and-deploy	Deploy	2026-02-06T02:00:18.2630328Z     ğŸš€ Getting Started Guide: https://github.com/JamesIves/github-pages-deploy-action
build-and-deploy	Deploy	2026-02-06T02:00:18.2631300Z     â“ Discussions / Q&A: https://github.com/JamesIves/github-pages-deploy-action/discussions
build-and-deploy	Deploy	2026-02-06T02:00:18.2632189Z     ğŸ”§ Report a Bug: https://github.com/JamesIves/github-pages-deploy-action/issues
build-and-deploy	Deploy	2026-02-06T02:00:18.2633033Z Checking configuration and starting deploymentâ€¦ ğŸš¦
build-and-deploy	Deploy	2026-02-06T02:00:18.2633506Z Deploying using Deploy Tokenâ€¦ ğŸ”‘
build-and-deploy	Deploy	2026-02-06T02:00:18.2633744Z Configuring gitâ€¦
build-and-deploy	Deploy	2026-02-06T02:00:18.2667869Z [command]/usr/bin/git config --global --add safe.directory /home/runner/work/tic-tac-toe-logic-check/tic-tac-toe-logic-check
build-and-deploy	Deploy	2026-02-06T02:00:18.2737137Z [command]/usr/bin/git config user.name OmarDST
build-and-deploy	Deploy	2026-02-06T02:00:18.2778106Z [command]/usr/bin/git config user.email omar.ibrahim@dst.com.bn
build-and-deploy	Deploy	2026-02-06T02:00:18.2818222Z [command]/usr/bin/git config core.ignorecase false
build-and-deploy	Deploy	2026-02-06T02:00:18.2858009Z [command]/usr/bin/git config --local --unset-all http.https://github.com/.extraheader
build-and-deploy	Deploy	2026-02-06T02:00:18.2894822Z [command]/usr/bin/git remote rm origin
build-and-deploy	Deploy	2026-02-06T02:00:18.2950385Z [command]/usr/bin/git remote add origin ***github.com/OmarDST/tic-tac-toe-logic-check.git
build-and-deploy	Deploy	2026-02-06T02:00:18.2981400Z Git configuredâ€¦ ğŸ”§
build-and-deploy	Deploy	2026-02-06T02:00:18.3459088Z Starting to commit changesâ€¦
build-and-deploy	Deploy	2026-02-06T02:00:18.3475771Z [command]/usr/bin/git ls-remote --heads ***github.com/OmarDST/tic-tac-toe-logic-check.git refs/heads/gh-pages
build-and-deploy	Deploy	2026-02-06T02:00:18.4993654Z Creating worktreeâ€¦
build-and-deploy	Deploy	2026-02-06T02:00:18.5011708Z [command]/usr/bin/git worktree add --no-checkout --detach github-pages-deploy-action-temp-deployment-folder
build-and-deploy	Deploy	2026-02-06T02:00:18.5051299Z Preparing worktree (detached HEAD 1c4ea83)
build-and-deploy	Deploy	2026-02-06T02:00:18.5073202Z [command]/usr/bin/git checkout --orphan gh-pages
build-and-deploy	Deploy	2026-02-06T02:00:18.5127375Z Switched to a new branch 'gh-pages'
build-and-deploy	Deploy	2026-02-06T02:00:18.5137662Z Created the gh-pages branchâ€¦ ğŸ”§
build-and-deploy	Deploy	2026-02-06T02:00:18.5150315Z [command]/usr/bin/git reset --hard
build-and-deploy	Deploy	2026-02-06T02:00:18.5211301Z [command]/usr/bin/git commit --no-verify --allow-empty -m Initial gh-pages commit
build-and-deploy	Deploy	2026-02-06T02:00:18.5275917Z [gh-pages (root-commit) 3a594dd] Initial gh-pages commit
build-and-deploy	Deploy	2026-02-06T02:00:18.5294894Z [command]/usr/bin/git config --global --add safe.directory /home/runner/work/tic-tac-toe-logic-check/tic-tac-toe-logic-check/github-pages-deploy-action-temp-deployment-folder
build-and-deploy	Deploy	2026-02-06T02:00:18.5385285Z [command]/usr/bin/rsync -q -av --checksum --progress /home/runner/work/tic-tac-toe-logic-check/tic-tac-toe-logic-check/dist/. github-pages-deploy-action-temp-deployment-folder --delete --exclude CNAME --exclude .nojekyll --exclude .ssh --exclude .git --exclude .github
build-and-deploy	Deploy	2026-02-06T02:00:18.6115499Z Checking if there are files to commitâ€¦
build-and-deploy	Deploy	2026-02-06T02:00:18.6184145Z [command]/usr/bin/git add --all .
build-and-deploy	Deploy	2026-02-06T02:00:18.8396440Z [command]/usr/bin/git checkout -b github-pages-deploy-action/84d6ia9l1
build-and-deploy	Deploy	2026-02-06T02:00:18.8436849Z Switched to a new branch 'github-pages-deploy-action/84d6ia9l1'
build-and-deploy	Deploy	2026-02-06T02:00:18.8459745Z [command]/usr/bin/git commit -m Deploying to gh-pages from @ OmarDST/tic-tac-toe-logic-check@1c4ea83394f45756cd2928a767b02adb8f5c78c0 ğŸš€ --quiet --no-verify
build-and-deploy	Deploy	2026-02-06T02:00:18.8532883Z Force-pushing changes...
build-and-deploy	Deploy	2026-02-06T02:00:18.8544311Z [command]/usr/bin/git push --force ***github.com/OmarDST/tic-tac-toe-logic-check.git github-pages-deploy-action/84d6ia9l1:gh-pages
build-and-deploy	Deploy	2026-02-06T02:00:19.2112618Z remote: Permission to OmarDST/tic-tac-toe-logic-check.git denied to github-actions[bot].
build-and-deploy	Deploy	2026-02-06T02:00:19.2113641Z fatal: unable to access 'https://github.com/OmarDST/tic-tac-toe-logic-check.git/': The requested URL returned error: 403
build-and-deploy	Deploy	2026-02-06T02:00:19.2137000Z Running post deployment cleanup jobsâ€¦ ğŸ—‘ï¸
build-and-deploy	Deploy	2026-02-06T02:00:19.2148171Z [command]/usr/bin/git checkout -B github-pages-deploy-action/84d6ia9l1
build-and-deploy	Deploy	2026-02-06T02:00:19.2190421Z Reset branch 'github-pages-deploy-action/84d6ia9l1'
build-and-deploy	Deploy	2026-02-06T02:00:19.2283982Z [command]/usr/bin/git worktree remove github-pages-deploy-action-temp-deployment-folder --force
build-and-deploy	Deploy	2026-02-06T02:00:19.2399743Z ##[error]The deploy step encountered an error: The process '/usr/bin/git' failed with exit code 128 âŒ
build-and-deploy	Deploy	2026-02-06T02:00:19.2411687Z ##[notice]Deployment failed! âŒ
build-and-deploy	Post Checkout	ï»¿2026-02-06T02:00:19.2555317Z Post job cleanup.
build-and-deploy	Post Checkout	2026-02-06T02:00:19.3298945Z [command]/usr/bin/git version
build-and-deploy	Post Checkout	2026-02-06T02:00:19.3335746Z git version 2.52.0
build-and-deploy	Post Checkout	2026-02-06T02:00:19.3374960Z Copying '/home/runner/.gitconfig' to '/home/runner/work/_temp/813ab0ec-5c82-44ba-83fa-c982598f4317/.gitconfig'
build-and-deploy	Post Checkout	2026-02-06T02:00:19.3385269Z Temporarily overriding HOME='/home/runner/work/_temp/813ab0ec-5c82-44ba-83fa-c982598f4317' before making global git config changes
build-and-deploy	Post Checkout	2026-02-06T02:00:19.3386613Z Adding repository directory to the temporary git global config as a safe directory
build-and-deploy	Post Checkout	2026-02-06T02:00:19.3391631Z [command]/usr/bin/git config --global --add safe.directory /home/runner/work/tic-tac-toe-logic-check/tic-tac-toe-logic-check
build-and-deploy	Post Checkout	2026-02-06T02:00:19.3426150Z [command]/usr/bin/git config --local --name-only --get-regexp core\.sshCommand
build-and-deploy	Post Checkout	2026-02-06T02:00:19.3456796Z [command]/usr/bin/git submodule foreach --recursive sh -c "git config --local --name-only --get-regexp 'core\.sshCommand' && git config --local --unset-all 'core.sshCommand' || :"
build-and-deploy	Post Checkout	2026-02-06T02:00:19.3697991Z [command]/usr/bin/git config --local --name-only --get-regexp http\.https\:\/\/github\.com\/\.extraheader
build-and-deploy	Post Checkout	2026-02-06T02:00:19.3729181Z [command]/usr/bin/git submodule foreach --recursive sh -c "git config --local --name-only --get-regexp 'http\.https\:\/\/github\.com\/\.extraheader' && git config --local --unset-all 'http.https://github.com/.extraheader' || :"
build-and-deploy	Complete job	ï»¿2026-02-06T02:00:19.4064412Z Cleaning up orphan processes
